
[1m[7m[36m RUN [39m[27m[22m [36mv2.1.9 [39m[90mC:/Users/jairo/Desktop/neural_bridge[39m

[90mstdout[2m | src/verify_crystal_runtime.test.ts[2m > [22m[2mNeural Bridge: Grand Reality (100% Real)[2m > [22m[2mshould execute universal pipeline (Tech + Medical)
[22m[39m
═══════════════════════════════════════════════════════
  NEURAL BRIDGE - The Infinite Reality Demo
  100% Reality | Zero Mock | Universal Transparency
═══════════════════════════════════════════════════════

🧪 [1/4] TECH SCENARIO: Compiling High-Voltage Crystal...

[90mstderr[2m | src/verify_crystal_runtime.test.ts[2m > [22m[2mNeural Bridge: Grand Reality (100% Real)[2m > [22m[2mshould execute universal pipeline (Tech + Medical)
[22m[39m
❌ REALITY FAILURE: Verification failed for Tech

[90mstdout[2m | src/verify_crystal_runtime.test.ts[2m > [22m[2mNeural Bridge: Grand Reality (100% Real)[2m > [22m[2mshould execute universal pipeline (Tech + Medical)
[22m[39m   ✓ Crystal ID: 18414c42-59b1-4b5f-9a45-58d3dd04d3c2 (Author: Sarah Chen)

🔬 [2/4] TECH VERIFICATION: Testing Unsafe Answer...

 [31m❯[39m src/verify_crystal_runtime.test.ts [2m([22m[2m1 test[22m[2m | [22m[31m1 failed[39m[2m)[22m[33m 11910[2mms[22m[39m
[31m   [31m×[31m Neural Bridge: Grand Reality (100% Real)[2m > [22mshould execute universal pipeline (Tech + Medical)[33m 11910[2mms[22m[31m[39m
[31m     → Verification failed for Tech[39m

[31m⎯⎯⎯⎯⎯⎯⎯[1m[7m Failed Tests 1 [27m[22m⎯⎯⎯⎯⎯⎯⎯[39m

[31m[1m[7m FAIL [27m[22m[39m src/verify_crystal_runtime.test.ts[2m > [22mNeural Bridge: Grand Reality (100% Real)[2m > [22mshould execute universal pipeline (Tech + Medical)
[31m[1mError[22m: Verification failed for Tech[39m
[36m [2m❯[22m Module.runGrandRealityDemo src/verify_crystal_runtime_logic.ts:[2m36:29[22m[39m
    [90m 34| [39m        })[33m;[39m
    [90m 35| [39m
    [90m 36| [39m        [35mif[39m ([33m![39mresTech) [35mthrow[39m [35mnew[39m [33mError[39m([32m"Verification failed for Tech"[39m)[33m;[39m
    [90m   | [39m                            [31m^[39m
    [90m 37| [39m        console[33m.[39m[34mlog[39m([32m`   ✓ VERDICT: [39m[36m${[39mresTech[33m.[39mpassed [33m?[39m [32m'PASSED'[39m [33m:[39m [32m'FAIL[39m…
    [90m 38| [39m
[90m [2m❯[22m src/verify_crystal_runtime.test.ts:[2m6:35[22m[39m

[31m[2m⎯⎯⎯⎯⎯⎯⎯⎯⎯⎯⎯⎯⎯⎯⎯⎯⎯⎯⎯⎯⎯⎯⎯⎯[1/1]⎯[22m[39m

[2m Test Files [22m [1m[31m1 failed[39m[22m[90m (1)[39m
[2m      Tests [22m [1m[31m1 failed[39m[22m[90m (1)[39m
[2m   Start at [22m 00:56:21
[2m   Duration [22m 12.37s[2m (transform 125ms, setup 0ms, collect 137ms, tests 11.91s, environment 0ms, prepare 120ms)[22m

